\BOOKMARK [1][-]{section*.2}{\376\377\000S\000o\000u\000r\000c\000e\000\040\000D\000o\000c\000u\000m\000e\000n\000t\000s\000\040\000a\000n\000d\000\040\000T\000h\000e\000i\000r\000\040\000S\000i\000g\000n\000i\000f\000i\000c\000a\000n\000c\000e}{}% 1
\BOOKMARK [1][-]{section*.9}{\376\377\000E\000x\000e\000c\000u\000t\000i\000v\000e\000\040\000S\000u\000m\000m\000a\000r\000y}{}% 2
\BOOKMARK [1][-]{section.1}{\376\377\000I\000n\000t\000r\000o\000d\000u\000c\000t\000i\000o\000n\000\040\000t\000o\000\040\000P\000h\000y\000s\000i\000c\000a\000l\000\040\000A\000I\000\040\000O\000n\000c\000o\000l\000o\000g\000y\000\040\000T\000r\000i\000a\000l\000s}{}% 3
\BOOKMARK [2][-]{subsection.1.1}{\376\377\000B\000a\000c\000k\000g\000r\000o\000u\000n\000d\000\040\000a\000n\000d\000\040\000M\000o\000t\000i\000v\000a\000t\000i\000o\000n}{section.1}% 4
\BOOKMARK [2][-]{subsection.1.2}{\376\377\000D\000e\000f\000i\000n\000i\000n\000g\000\040\000P\000h\000y\000s\000i\000c\000a\000l\000\040\000A\000I\000\040\000i\000n\000\040\000O\000n\000c\000o\000l\000o\000g\000y}{section.1}% 5
\BOOKMARK [2][-]{subsection.1.3}{\376\377\000T\000h\000e\000\040\000C\000a\000s\000e\000\040\000f\000o\000r\000\040\000a\000\040\000N\000a\000t\000i\000o\000n\000a\000l\000\040\000P\000l\000a\000t\000f\000o\000r\000m}{section.1}% 6
\BOOKMARK [2][-]{subsection.1.4}{\376\377\000S\000c\000o\000p\000e\000\040\000a\000n\000d\000\040\000O\000r\000g\000a\000n\000i\000z\000a\000t\000i\000o\000n\000\040\000o\000f\000\040\000T\000h\000i\000s\000\040\000D\000o\000c\000u\000m\000e\000n\000t}{section.1}% 7
\BOOKMARK [2][-]{subsection.1.5}{\376\377\000C\000o\000n\000t\000r\000i\000b\000u\000t\000i\000o\000n\000s}{section.1}% 8
\BOOKMARK [1][-]{section.2}{\376\377\000U\000.\000S\000.\000\040\000G\000o\000v\000e\000r\000n\000m\000e\000n\000t\000\040\000F\000r\000a\000m\000e\000w\000o\000r\000k\000\040\000f\000o\000r\000\040\000P\000h\000y\000s\000i\000c\000a\000l\000\040\000A\000I\000\040\000T\000r\000i\000a\000l\000s}{}% 9
\BOOKMARK [2][-]{subsection.2.1}{\376\377\000C\000o\000n\000s\000t\000i\000t\000u\000t\000i\000o\000n\000a\000l\000\040\000F\000o\000u\000n\000d\000a\000t\000i\000o\000n}{section.2}% 10
\BOOKMARK [2][-]{subsection.2.2}{\376\377\000L\000e\000g\000i\000s\000l\000a\000t\000i\000v\000e\000\040\000B\000r\000a\000n\000c\000h\000\040\000a\000n\000d\000\040\000P\000h\000y\000s\000i\000c\000a\000l\000\040\000A\000I\000\040\000R\000e\000g\000u\000l\000a\000t\000i\000o\000n}{section.2}% 11
\BOOKMARK [2][-]{subsection.2.3}{\376\377\000E\000x\000e\000c\000u\000t\000i\000v\000e\000\040\000B\000r\000a\000n\000c\000h\000\040\000I\000m\000p\000l\000e\000m\000e\000n\000t\000a\000t\000i\000o\000n}{section.2}% 12
\BOOKMARK [2][-]{subsection.2.4}{\376\377\000J\000u\000d\000i\000c\000i\000a\000l\000\040\000B\000r\000a\000n\000c\000h\000\040\000O\000v\000e\000r\000s\000i\000g\000h\000t}{section.2}% 13
\BOOKMARK [2][-]{subsection.2.5}{\376\377\000C\000r\000o\000s\000s\000-\000B\000r\000a\000n\000c\000h\000\040\000G\000o\000v\000e\000r\000n\000a\000n\000c\000e\000\040\000f\000o\000r\000\040\000P\000h\000y\000s\000i\000c\000a\000l\000\040\000A\000I}{section.2}% 14
\BOOKMARK [2][-]{subsection.2.6}{\376\377\000C\000u\000r\000r\000e\000n\000t\000\040\000R\000e\000g\000u\000l\000a\000t\000o\000r\000y\000\040\000F\000r\000a\000m\000e\000w\000o\000r\000k\000\040\000f\000o\000r\000\040\000A\000I\000\040\000i\000n\000\040\000C\000l\000i\000n\000i\000c\000a\000l\000\040\000T\000r\000i\000a\000l\000s}{section.2}% 15
\BOOKMARK [2][-]{subsection.2.7}{\376\377\000A\000I\000\040\000a\000n\000d\000\040\000O\000n\000c\000o\000l\000o\000g\000y\000:\000\040\000A\000\040\000H\000i\000g\000h\000-\000F\000r\000e\000q\000u\000e\000n\000c\000y\000\040\000U\000s\000e\000\040\000C\000a\000s\000e}{section.2}% 16
\BOOKMARK [2][-]{subsection.2.8}{\376\377\000P\000r\000a\000c\000t\000i\000c\000a\000l\000\040\000C\000o\000m\000p\000l\000i\000a\000n\000c\000e\000\040\000S\000y\000n\000t\000h\000e\000s\000i\000s}{section.2}% 17
\BOOKMARK [1][-]{section.3}{\376\377\000C\000a\000l\000i\000f\000o\000r\000n\000i\000a\000\040\000a\000n\000d\000\040\000F\000e\000d\000e\000r\000a\000l\000\040\000R\000e\000g\000u\000l\000a\000t\000o\000r\000y\000\040\000L\000a\000n\000d\000s\000c\000a\000p\000e}{}% 18
\BOOKMARK [2][-]{subsection.3.1}{\376\377\000R\000e\000g\000u\000l\000a\000t\000o\000r\000y\000\040\000C\000l\000a\000s\000s\000i\000f\000i\000c\000a\000t\000i\000o\000n\000\040\000F\000r\000a\000m\000e\000w\000o\000r\000k}{section.3}% 19
\BOOKMARK [2][-]{subsection.3.2}{\376\377\000C\000a\000l\000i\000f\000o\000r\000n\000i\000a\000\040\000R\000e\000g\000u\000l\000a\000t\000o\000r\000y\000\040\000A\000u\000t\000h\000o\000r\000i\000t\000y}{section.3}% 20
\BOOKMARK [3][-]{subsubsection.3.2.1}{\376\377\000H\000u\000m\000a\000n\000\040\000S\000u\000b\000j\000e\000c\000t\000s\000\040\000P\000r\000o\000t\000e\000c\000t\000i\000o\000n\000s}{subsection.3.2}% 21
\BOOKMARK [3][-]{subsubsection.3.2.2}{\376\377\000H\000e\000a\000l\000t\000h\000\040\000D\000a\000t\000a\000\040\000P\000r\000i\000v\000a\000c\000y\000\040\000a\000n\000d\000\040\000S\000e\000c\000u\000r\000i\000t\000y}{subsection.3.2}% 22
\BOOKMARK [3][-]{subsubsection.3.2.3}{\376\377\000C\000o\000n\000s\000u\000m\000e\000r\000\040\000P\000r\000i\000v\000a\000c\000y}{subsection.3.2}% 23
\BOOKMARK [3][-]{subsubsection.3.2.4}{\376\377\000A\000I\000-\000S\000p\000e\000c\000i\000f\000i\000c\000\040\000H\000e\000a\000l\000t\000h\000c\000a\000r\000e\000\040\000C\000o\000m\000m\000u\000n\000i\000c\000a\000t\000i\000o\000n\000s}{subsection.3.2}% 24
\BOOKMARK [3][-]{subsubsection.3.2.5}{\376\377\000M\000e\000d\000i\000c\000a\000l\000\040\000P\000r\000a\000c\000t\000i\000c\000e\000\040\000a\000n\000d\000\040\000L\000i\000c\000e\000n\000s\000i\000n\000g}{subsection.3.2}% 25
\BOOKMARK [2][-]{subsection.3.3}{\376\377\000F\000e\000d\000e\000r\000a\000l\000\040\000R\000e\000g\000u\000l\000a\000t\000o\000r\000y\000\040\000A\000u\000t\000h\000o\000r\000i\000t\000y}{section.3}% 26
\BOOKMARK [3][-]{subsubsection.3.3.1}{\376\377\000I\000n\000v\000e\000s\000t\000i\000g\000a\000t\000i\000o\000n\000a\000l\000\040\000P\000r\000o\000d\000u\000c\000t\000\040\000F\000r\000a\000m\000e\000w\000o\000r\000k\000s}{subsection.3.3}% 27
\BOOKMARK [3][-]{subsubsection.3.3.2}{\376\377\000H\000u\000m\000a\000n\000\040\000S\000u\000b\000j\000e\000c\000t\000s\000\040\000P\000r\000o\000t\000e\000c\000t\000i\000o\000n}{subsection.3.3}% 28
\BOOKMARK [3][-]{subsubsection.3.3.3}{\376\377\000E\000l\000e\000c\000t\000r\000o\000n\000i\000c\000\040\000R\000e\000c\000o\000r\000d\000s\000\040\000a\000n\000d\000\040\000D\000a\000t\000a\000\040\000I\000n\000t\000e\000g\000r\000i\000t\000y}{subsection.3.3}% 29
\BOOKMARK [3][-]{subsubsection.3.3.4}{\376\377\000P\000r\000i\000v\000a\000c\000y\000\040\000a\000n\000d\000\040\000S\000e\000c\000u\000r\000i\000t\000y}{subsection.3.3}% 30
\BOOKMARK [2][-]{subsection.3.4}{\376\377\000R\000o\000b\000o\000t\000i\000c\000s\000-\000S\000p\000e\000c\000i\000f\000i\000c\000\040\000R\000e\000g\000u\000l\000a\000t\000o\000r\000y\000\040\000C\000o\000n\000s\000i\000d\000e\000r\000a\000t\000i\000o\000n\000s}{section.3}% 31
\BOOKMARK [2][-]{subsection.3.5}{\376\377\000G\000a\000p\000s\000\040\000a\000n\000d\000\040\000O\000p\000p\000o\000r\000t\000u\000n\000i\000t\000i\000e\000s}{section.3}% 32
\BOOKMARK [1][-]{section.4}{\376\377\000A\000d\000a\000p\000t\000e\000d\000\040\000I\000C\000H\000\040\000E\0006\000\050\000R\0003\000\051\000\040\000f\000o\000r\000\040\000P\000h\000y\000s\000i\000c\000a\000l\000\040\000A\000I\000\040\000C\000l\000i\000n\000i\000c\000a\000l\000\040\000P\000r\000a\000c\000t\000i\000c\000e}{}% 33
\BOOKMARK [2][-]{subsection.4.1}{\376\377\000P\000r\000i\000n\000c\000i\000p\000l\000e\000s\000\040\000o\000f\000\040\000P\000h\000y\000s\000i\000c\000a\000l\000\040\000A\000I\000\040\000C\000l\000i\000n\000i\000c\000a\000l\000\040\000P\000r\000a\000c\000t\000i\000c\000e}{section.4}% 34
\BOOKMARK [2][-]{subsection.4.2}{\376\377\000I\000n\000v\000e\000s\000t\000i\000g\000a\000t\000o\000r\000\040\000R\000e\000s\000p\000o\000n\000s\000i\000b\000i\000l\000i\000t\000i\000e\000s\000\040\000i\000n\000\040\000P\000h\000y\000s\000i\000c\000a\000l\000\040\000A\000I\000\040\000T\000r\000i\000a\000l\000s}{section.4}% 35
\BOOKMARK [2][-]{subsection.4.3}{\376\377\000S\000p\000o\000n\000s\000o\000r\000\040\000R\000e\000s\000p\000o\000n\000s\000i\000b\000i\000l\000i\000t\000i\000e\000s\000\040\000i\000n\000\040\000P\000h\000y\000s\000i\000c\000a\000l\000\040\000A\000I\000\040\000T\000r\000i\000a\000l\000s}{section.4}% 36
\BOOKMARK [2][-]{subsection.4.4}{\376\377\000D\000a\000t\000a\000\040\000G\000o\000v\000e\000r\000n\000a\000n\000c\000e\000\040\000f\000o\000r\000\040\000P\000h\000y\000s\000i\000c\000a\000l\000\040\000A\000I\000\040\000T\000r\000i\000a\000l\000s}{section.4}% 37
\BOOKMARK [2][-]{subsection.4.5}{\376\377\000P\000h\000y\000s\000i\000c\000a\000l\000\040\000A\000I\000\040\000S\000y\000s\000t\000e\000m\000\040\000D\000o\000c\000u\000m\000e\000n\000t\000a\000t\000i\000o\000n}{section.4}% 38
\BOOKMARK [2][-]{subsection.4.6}{\376\377\000C\000l\000i\000n\000i\000c\000a\000l\000\040\000T\000r\000i\000a\000l\000\040\000P\000r\000o\000t\000o\000c\000o\000l\000\040\000A\000d\000a\000p\000t\000a\000t\000i\000o\000n\000s}{section.4}% 39
\BOOKMARK [2][-]{subsection.4.7}{\376\377\000E\000s\000s\000e\000n\000t\000i\000a\000l\000\040\000R\000e\000c\000o\000r\000d\000s\000\040\000f\000o\000r\000\040\000P\000h\000y\000s\000i\000c\000a\000l\000\040\000A\000I\000\040\000T\000r\000i\000a\000l\000s}{section.4}% 40
\BOOKMARK [2][-]{subsection.4.8}{\376\377\000P\000h\000y\000s\000i\000c\000a\000l\000\040\000A\000I\000\040\000G\000l\000o\000s\000s\000a\000r\000y\000\040\000a\000n\000d\000\040\000D\000e\000f\000i\000n\000i\000t\000i\000o\000n\000s}{section.4}% 41
\BOOKMARK [1][-]{section.5}{\376\377\000A\000d\000a\000p\000t\000e\000d\000\040\0002\0001\000\040\000C\000F\000R\000\040\000P\000a\000r\000t\000\040\0005\0000\000\040\000f\000o\000r\000\040\000P\000h\000y\000s\000i\000c\000a\000l\000\040\000A\000I\000\040\000P\000r\000o\000t\000e\000c\000t\000i\000o\000n}{}% 42
\BOOKMARK [2][-]{subsection.5.1}{\376\377\000S\000c\000o\000p\000e\000\040\000a\000n\000d\000\040\000P\000h\000y\000s\000i\000c\000a\000l\000\040\000A\000I\000\040\000D\000e\000f\000i\000n\000i\000t\000i\000o\000n\000s}{section.5}% 43
\BOOKMARK [2][-]{subsection.5.2}{\376\377\000I\000n\000f\000o\000r\000m\000e\000d\000\040\000C\000o\000n\000s\000e\000n\000t\000\040\000f\000o\000r\000\040\000P\000h\000y\000s\000i\000c\000a\000l\000\040\000A\000I\000\040\000P\000r\000o\000c\000e\000d\000u\000r\000e\000s}{section.5}% 44
\BOOKMARK [2][-]{subsection.5.3}{\376\377\000P\000h\000y\000s\000i\000c\000a\000l\000\040\000A\000I\000\040\000S\000y\000s\000t\000e\000m\000\040\000S\000a\000f\000e\000t\000y\000\040\000R\000e\000q\000u\000i\000r\000e\000m\000e\000n\000t\000s}{section.5}% 45
\BOOKMARK [3][-]{subsubsection.5.3.1}{\376\377\000P\000r\000e\000-\000P\000r\000o\000c\000e\000d\000u\000r\000e\000\040\000S\000a\000f\000e\000t\000y\000\040\000M\000a\000t\000r\000i\000x}{subsection.5.3}% 46
\BOOKMARK [3][-]{subsubsection.5.3.2}{\376\377\000R\000u\000n\000t\000i\000m\000e\000\040\000S\000a\000f\000e\000t\000y\000\040\000M\000o\000n\000i\000t\000o\000r\000i\000n\000g}{subsection.5.3}% 47
\BOOKMARK [3][-]{subsubsection.5.3.3}{\376\377\000P\000o\000s\000t\000-\000P\000r\000o\000c\000e\000d\000u\000r\000e\000\040\000R\000e\000q\000u\000i\000r\000e\000m\000e\000n\000t\000s}{subsection.5.3}% 48
\BOOKMARK [3][-]{subsubsection.5.3.4}{\376\377\000T\000a\000s\000k\000-\000O\000r\000d\000e\000r\000\040\000L\000i\000f\000e\000c\000y\000c\000l\000e}{subsection.5.3}% 49
\BOOKMARK [3][-]{subsubsection.5.3.5}{\376\377\000F\000o\000r\000b\000i\000d\000d\000e\000n\000\040\000O\000p\000e\000r\000a\000t\000i\000o\000n\000s}{subsection.5.3}% 50
\BOOKMARK [2][-]{subsection.5.4}{\376\377\000I\000R\000B\000\040\000R\000e\000v\000i\000e\000w\000\040\000o\000f\000\040\000P\000h\000y\000s\000i\000c\000a\000l\000\040\000A\000I\000\040\000I\000n\000v\000e\000s\000t\000i\000g\000a\000t\000i\000o\000n\000s}{section.5}% 51
\BOOKMARK [2][-]{subsection.5.5}{\376\377\000O\000n\000g\000o\000i\000n\000g\000\040\000C\000o\000n\000s\000e\000n\000t\000\040\000a\000n\000d\000\040\000S\000u\000b\000j\000e\000c\000t\000\040\000N\000o\000t\000i\000f\000i\000c\000a\000t\000i\000o\000n}{section.5}% 52
\BOOKMARK [2][-]{subsection.5.6}{\376\377\000D\000a\000t\000a\000\040\000P\000r\000o\000t\000e\000c\000t\000i\000o\000n\000\040\000a\000n\000d\000\040\000P\000r\000i\000v\000a\000c\000y}{section.5}% 53
\BOOKMARK [2][-]{subsection.5.7}{\376\377\000P\000h\000y\000s\000i\000c\000a\000l\000\040\000A\000I\000\040\000S\000y\000s\000t\000e\000m\000\040\000C\000l\000a\000s\000s\000i\000f\000i\000c\000a\000t\000i\000o\000n}{section.5}% 54
\BOOKMARK [2][-]{subsection.5.8}{\376\377\000P\000e\000d\000i\000a\000t\000r\000i\000c\000\040\000P\000r\000o\000t\000e\000c\000t\000i\000o\000n\000s\000\040\000i\000n\000\040\000P\000h\000y\000s\000i\000c\000a\000l\000\040\000A\000I\000\040\000T\000r\000i\000a\000l\000s}{section.5}% 55
\BOOKMARK [2][-]{subsection.5.9}{\376\377\000G\000l\000o\000s\000s\000a\000r\000y\000\040\000o\000f\000\040\000P\000h\000y\000s\000i\000c\000a\000l\000\040\000A\000I\000\040\000T\000e\000r\000m\000s}{section.5}% 56
\BOOKMARK [1][-]{section.6}{\376\377\000A\000d\000a\000p\000t\000e\000d\000\040\0002\0001\000\040\000C\000F\000R\000\040\000P\000a\000r\000t\000\040\0003\0001\0002\000\040\000f\000o\000r\000\040\000P\000h\000y\000s\000i\000c\000a\000l\000\040\000A\000I\000\040\000I\000N\000D}{}% 57
\BOOKMARK [2][-]{subsection.6.1}{\376\377\000S\000c\000o\000p\000e\000\040\000a\000n\000d\000\040\000P\000h\000y\000s\000i\000c\000a\000l\000\040\000A\000I\000\040\000D\000e\000f\000i\000n\000i\000t\000i\000o\000n\000s}{section.6}% 58
\BOOKMARK [2][-]{subsection.6.2}{\376\377\000I\000N\000D\000\040\000R\000e\000q\000u\000i\000r\000e\000m\000e\000n\000t\000s\000\040\000a\000n\000d\000\040\000P\000h\000y\000s\000i\000c\000a\000l\000\040\000A\000I\000\040\000C\000o\000n\000t\000e\000n\000t}{section.6}% 59
\BOOKMARK [3][-]{subsubsection.6.2.1}{\376\377\000I\000N\000D\000\040\000R\000e\000q\000u\000i\000r\000e\000m\000e\000n\000t\000\040\000f\000o\000r\000\040\000P\000h\000y\000s\000i\000c\000a\000l\000\040\000A\000I\000\040\000T\000r\000i\000a\000l\000s}{subsection.6.2}% 60
\BOOKMARK [3][-]{subsubsection.6.2.2}{\376\377\000P\000h\000a\000s\000e\000s\000\040\000o\000f\000\040\000I\000n\000v\000e\000s\000t\000i\000g\000a\000t\000i\000o\000n}{subsection.6.2}% 61
\BOOKMARK [3][-]{subsubsection.6.2.3}{\376\377\000I\000N\000D\000\040\000C\000o\000n\000t\000e\000n\000t\000\040\000a\000n\000d\000\040\000F\000o\000r\000m\000a\000t}{subsection.6.2}% 62
\BOOKMARK [3][-]{subsubsection.6.2.4}{\376\377\000P\000r\000o\000t\000o\000c\000o\000l\000\040\000A\000m\000e\000n\000d\000m\000e\000n\000t\000s}{subsection.6.2}% 63
\BOOKMARK [2][-]{subsection.6.3}{\376\377\000S\000a\000f\000e\000t\000y\000\040\000R\000e\000p\000o\000r\000t\000i\000n\000g\000\040\000f\000o\000r\000\040\000P\000h\000y\000s\000i\000c\000a\000l\000\040\000A\000I}{section.6}% 64
\BOOKMARK [3][-]{subsubsection.6.3.1}{\376\377\000I\000n\000f\000o\000r\000m\000a\000t\000i\000o\000n\000\040\000A\000m\000e\000n\000d\000m\000e\000n\000t\000s}{subsection.6.3}% 65
\BOOKMARK [3][-]{subsubsection.6.3.2}{\376\377\000I\000N\000D\000\040\000S\000a\000f\000e\000t\000y\000\040\000R\000e\000p\000o\000r\000t\000i\000n\000g}{subsection.6.3}% 66
\BOOKMARK [3][-]{subsubsection.6.3.3}{\376\377\000A\000n\000n\000u\000a\000l\000\040\000R\000e\000p\000o\000r\000t\000s}{subsection.6.3}% 67
\BOOKMARK [3][-]{subsubsection.6.3.4}{\376\377\000I\000N\000D\000\040\000W\000i\000t\000h\000d\000r\000a\000w\000a\000l}{subsection.6.3}% 68
\BOOKMARK [2][-]{subsection.6.4}{\376\377\000A\000d\000m\000i\000n\000i\000s\000t\000r\000a\000t\000i\000v\000e\000\040\000A\000c\000t\000i\000o\000n\000s\000\040\000f\000o\000r\000\040\000P\000h\000y\000s\000i\000c\000a\000l\000\040\000A\000I\000\040\000T\000r\000i\000a\000l\000s}{section.6}% 69
\BOOKMARK [2][-]{subsection.6.5}{\376\377\000S\000p\000o\000n\000s\000o\000r\000\040\000a\000n\000d\000\040\000I\000n\000v\000e\000s\000t\000i\000g\000a\000t\000o\000r\000\040\000R\000e\000s\000p\000o\000n\000s\000i\000b\000i\000l\000i\000t\000i\000e\000s}{section.6}% 70
\BOOKMARK [2][-]{subsection.6.6}{\376\377\000L\000i\000f\000e\000-\000T\000h\000r\000e\000a\000t\000e\000n\000i\000n\000g\000\040\000I\000l\000l\000n\000e\000s\000s\000\040\000P\000r\000o\000v\000i\000s\000i\000o\000n\000s}{section.6}% 71
\BOOKMARK [2][-]{subsection.6.7}{\376\377\000E\000x\000p\000a\000n\000d\000e\000d\000\040\000A\000c\000c\000e\000s\000s\000\040\000f\000o\000r\000\040\000P\000h\000y\000s\000i\000c\000a\000l\000\040\000A\000I}{section.6}% 72
\BOOKMARK [2][-]{subsection.6.8}{\376\377\000S\000u\000b\000p\000a\000r\000t\000\040\000J\000:\000\040\000P\000h\000y\000s\000i\000c\000a\000l\000\040\000A\000I\000\040\000S\000y\000s\000t\000e\000m\000s}{section.6}% 73
\BOOKMARK [1][-]{section.7}{\376\377\000P\000h\000y\000s\000i\000c\000a\000l\000\040\000A\000I\000\040\000S\000t\000a\000n\000d\000a\000r\000d\000\040\000L\000e\000v\000e\000l\000\040\000a\000n\000d\000\040\000U\000n\000i\000f\000i\000c\000a\000t\000i\000o\000n\000\040\000S\000t\000a\000n\000d\000a\000r\000d}{}% 74
\BOOKMARK [2][-]{subsection.7.1}{\376\377\000O\000v\000e\000r\000v\000i\000e\000w\000:\000\040\000C\000o\000m\000p\000l\000e\000m\000e\000n\000t\000a\000r\000y\000\040\000S\000t\000a\000n\000d\000a\000r\000d\000s}{section.7}% 75
\BOOKMARK [2][-]{subsection.7.2}{\376\377\000P\000h\000y\000s\000i\000c\000a\000l\000\040\000A\000I\000\040\000S\000t\000a\000n\000d\000a\000r\000d\000\040\000L\000e\000v\000e\000l\000\040\000\050\000P\000S\000L\000\051\000\040\000F\000r\000a\000m\000e\000w\000o\000r\000k}{section.7}% 76
\BOOKMARK [3][-]{subsubsection.7.2.1}{\376\377\000T\000h\000e\000\040\000T\000h\000r\000e\000e\000\040\000P\000S\000L\000\040\000D\000i\000m\000e\000n\000s\000i\000o\000n\000s}{subsection.7.2}% 77
\BOOKMARK [3][-]{subsubsection.7.2.2}{\376\377\000P\000S\000L\000\040\000S\000c\000o\000r\000i\000n\000g\000\040\000M\000e\000t\000h\000o\000d\000o\000l\000o\000g\000y}{subsection.7.2}% 78
\BOOKMARK [3][-]{subsubsection.7.2.3}{\376\377\000P\000S\000L\000\040\000a\000n\000d\000\040\000S\000i\000t\000e\000\040\000A\000c\000t\000i\000v\000a\000t\000i\000o\000n}{subsection.7.2}% 79
\BOOKMARK [2][-]{subsection.7.3}{\376\377\000U\000n\000i\000f\000i\000c\000a\000t\000i\000o\000n\000\040\000S\000t\000a\000n\000d\000a\000r\000d\000\040\000L\000e\000v\000e\000l\000\040\000\050\000U\000S\000L\000\051\000\040\000F\000r\000a\000m\000e\000w\000o\000r\000k}{section.7}% 80
\BOOKMARK [3][-]{subsubsection.7.3.1}{\376\377\000T\000h\000e\000\040\000F\000o\000u\000r\000\040\000U\000S\000L\000\040\000D\000i\000m\000e\000n\000s\000i\000o\000n\000s}{subsection.7.3}% 81
\BOOKMARK [3][-]{subsubsection.7.3.2}{\376\377\000U\000S\000L\000\040\000S\000c\000o\000r\000e\000\040\000C\000o\000m\000p\000u\000t\000a\000t\000i\000o\000n}{subsection.7.3}% 82
\BOOKMARK [2][-]{subsection.7.4}{\376\377\000U\000S\000L\000\040\000R\000e\000s\000u\000l\000t\000s\000\040\000A\000c\000r\000o\000s\000s\000\040\000R\000o\000b\000o\000t\000\040\000C\000a\000t\000e\000g\000o\000r\000i\000e\000s}{section.7}% 83
\BOOKMARK [3][-]{subsubsection.7.4.1}{\376\377\000S\000u\000r\000g\000i\000c\000a\000l\000\040\000R\000o\000b\000o\000t\000\040\000R\000e\000s\000u\000l\000t\000s}{subsection.7.4}% 84
\BOOKMARK [3][-]{subsubsection.7.4.2}{\376\377\000C\000o\000b\000o\000t\000\040\000a\000n\000d\000\040\000H\000u\000m\000a\000n\000o\000i\000d\000\040\000R\000e\000s\000u\000l\000t\000s}{subsection.7.4}% 85
\BOOKMARK [3][-]{subsubsection.7.4.3}{\376\377\000C\000r\000o\000s\000s\000-\000C\000a\000t\000e\000g\000o\000r\000y\000\040\000C\000o\000m\000p\000a\000r\000i\000s\000o\000n}{subsection.7.4}% 86
\BOOKMARK [2][-]{subsection.7.5}{\376\377\000H\000o\000w\000\040\000P\000S\000L\000\040\000a\000n\000d\000\040\000U\000S\000L\000\040\000C\000o\000m\000p\000l\000e\000m\000e\000n\000t\000\040\000E\000a\000c\000h\000\040\000O\000t\000h\000e\000r}{section.7}% 87
\BOOKMARK [2][-]{subsection.7.6}{\376\377\000I\000m\000p\000a\000c\000t\000\040\000o\000n\000\040\000N\000a\000t\000i\000o\000n\000w\000i\000d\000e\000\040\000D\000e\000p\000l\000o\000y\000m\000e\000n\000t}{section.7}% 88
\BOOKMARK [1][-]{section.8}{\376\377\000C\000l\000i\000n\000i\000c\000a\000l\000\040\000T\000r\000i\000a\000l\000\040\000S\000i\000t\000e\000\040\000E\000s\000t\000a\000b\000l\000i\000s\000h\000m\000e\000n\000t\000,\000\040\000D\000o\000c\000u\000m\000e\000n\000t\000a\000t\000i\000o\000n}{}% 89
\BOOKMARK [2][-]{subsection.8.1}{\376\377\000O\000v\000e\000r\000v\000i\000e\000w\000\040\000o\000f\000\040\000t\000h\000e\000\040\000D\000o\000c\000u\000m\000e\000n\000t\000a\000t\000i\000o\000n\000\040\000P\000a\000c\000k\000a\000g\000e}{section.8}% 90
\BOOKMARK [2][-]{subsection.8.2}{\376\377\000S\000t\000a\000t\000e\000\040\000L\000e\000g\000i\000s\000l\000a\000t\000i\000o\000n\000\040\000f\000o\000r\000\040\000P\000h\000y\000s\000i\000c\000a\000l\000\040\000A\000I\000\040\000T\000r\000i\000a\000l\000\040\000S\000i\000t\000e\000s}{section.8}% 91
\BOOKMARK [3][-]{subsubsection.8.2.1}{\376\377\000S\000B\000\040\0001\0000\0004\0002\000:\000\040\000P\000h\000y\000s\000i\000c\000a\000l\000\040\000A\000I\000\040\000O\000n\000c\000o\000l\000o\000g\000y\000\040\000C\000l\000i\000n\000i\000c\000a\000l\000\040\000T\000r\000i\000a\000l\000\040\000A\000u\000t\000h\000o\000r\000i\000z\000a\000t\000i\000o\000n\000\040\000A\000c\000t}{subsection.8.2}% 92
\BOOKMARK [3][-]{subsubsection.8.2.2}{\376\377\000A\000B\000\040\0002\0008\0004\0007\000:\000\040\000P\000a\000t\000i\000e\000n\000t\000\040\000R\000i\000g\000h\000t\000s\000\040\000a\000n\000d\000\040\000R\000o\000b\000o\000t\000i\000c\000\040\000S\000a\000f\000e\000t\000y\000\040\000A\000c\000t}{subsection.8.2}% 93
\BOOKMARK [3][-]{subsubsection.8.2.3}{\376\377\000S\000B\000\040\0008\0009\0002\000:\000\040\000D\000a\000t\000a\000\040\000P\000r\000o\000t\000e\000c\000t\000i\000o\000n\000\040\000a\000n\000d\000\040\000T\000r\000a\000n\000s\000p\000a\000r\000e\000n\000c\000y\000\040\000A\000c\000t}{subsection.8.2}% 94
\BOOKMARK [2][-]{subsection.8.3}{\376\377\000M\000u\000n\000i\000c\000i\000p\000a\000l\000\040\000a\000n\000d\000\040\000S\000t\000a\000t\000e\000\040\000R\000e\000g\000u\000l\000a\000t\000i\000o\000n\000s}{section.8}% 95
\BOOKMARK [3][-]{subsubsection.8.3.1}{\376\377\000S\000a\000n\000\040\000F\000r\000a\000n\000c\000i\000s\000c\000o\000\040\000M\000u\000n\000i\000c\000i\000p\000a\000l\000\040\000C\000o\000d\000e\000\040\000U\000p\000d\000a\000t\000e}{subsection.8.3}% 96
\BOOKMARK [3][-]{subsubsection.8.3.2}{\376\377\000T\000i\000t\000l\000e\000\040\0002\0002\000\040\000R\000e\000g\000u\000l\000a\000t\000i\000o\000n\000s}{subsection.8.3}% 97
\BOOKMARK [2][-]{subsection.8.4}{\376\377\000F\000e\000d\000e\000r\000a\000l\000\040\000C\000o\000m\000p\000l\000i\000a\000n\000c\000e}{section.8}% 98
\BOOKMARK [3][-]{subsubsection.8.4.1}{\376\377\000F\000D\000A\000\040\000P\000h\000y\000s\000i\000c\000a\000l\000\040\000A\000I\000\040\000O\000n\000c\000o\000l\000o\000g\000y\000\040\000T\000r\000i\000a\000l\000\040\000S\000i\000t\000e\000\040\000N\000a\000t\000i\000o\000n\000a\000l\000\040\000C\000o\000m\000p\000l\000i\000a\000n\000c\000e\000\040\000G\000u\000i\000d\000e}{subsection.8.4}% 99
\BOOKMARK [2][-]{subsection.8.5}{\376\377\000P\000h\000y\000s\000i\000c\000a\000l\000\040\000I\000n\000f\000r\000a\000s\000t\000r\000u\000c\000t\000u\000r\000e\000\040\000R\000e\000q\000u\000i\000r\000e\000m\000e\000n\000t\000s}{section.8}% 100
\BOOKMARK [3][-]{subsubsection.8.5.1}{\376\377\000B\000u\000i\000l\000d\000i\000n\000g\000\040\000C\000o\000d\000e\000\040\000S\000t\000a\000n\000d\000a\000r\000d\000s}{subsection.8.5}% 101
\BOOKMARK [3][-]{subsubsection.8.5.2}{\376\377\000P\000r\000e\000m\000i\000s\000e\000s\000\040\000C\000o\000d\000e}{subsection.8.5}% 102
\BOOKMARK [3][-]{subsubsection.8.5.3}{\376\377\000P\000a\000r\000k\000i\000n\000g\000\040\000a\000n\000d\000\040\000T\000r\000a\000n\000s\000p\000o\000r\000t\000a\000t\000i\000o\000n\000\040\000S\000t\000a\000n\000d\000a\000r\000d\000s}{subsection.8.5}% 103
\BOOKMARK [2][-]{subsection.8.6}{\376\377\000O\000p\000e\000r\000a\000t\000i\000o\000n\000a\000l\000\040\000P\000r\000o\000c\000e\000d\000u\000r\000e\000s}{section.8}% 104
\BOOKMARK [3][-]{subsubsection.8.6.1}{\376\377\000A\000c\000t\000i\000v\000a\000t\000i\000o\000n\000\040\000a\000n\000d\000\040\000S\000t\000a\000n\000d\000a\000r\000d\000\040\000O\000p\000e\000r\000a\000t\000i\000n\000g\000\040\000P\000r\000o\000c\000e\000d\000u\000r\000e\000s}{subsection.8.6}% 105
\BOOKMARK [3][-]{subsubsection.8.6.2}{\376\377\000E\000m\000e\000r\000g\000e\000n\000c\000y\000\040\000P\000r\000e\000p\000a\000r\000e\000d\000n\000e\000s\000s}{subsection.8.6}% 106
\BOOKMARK [2][-]{subsection.8.7}{\376\377\000E\000v\000i\000d\000e\000n\000c\000e\000\040\000f\000r\000o\000m\000\040\000t\000h\000e\000\040\0002\0004\000-\000H\000o\000u\000r\000\040\000S\000i\000m\000u\000l\000a\000t\000i\000o\000n}{section.8}% 107
\BOOKMARK [1][-]{section.9}{\376\377\000A\000\040\000C\000a\000n\000c\000e\000r\000\040\000P\000a\000t\000i\000e\000n\000t\000'\000s\000\040\000J\000o\000u\000r\000n\000e\000y\000\040\000T\000h\000r\000o\000u\000g\000h\000\040\000P\000h\000y\000s\000i\000c\000a\000l\000\040\000A\000I}{}% 108
\BOOKMARK [2][-]{subsection.9.1}{\376\377\000T\000e\000n\000-\000S\000t\000a\000g\000e\000\040\000P\000i\000p\000e\000l\000i\000n\000e\000\040\000A\000r\000c\000h\000i\000t\000e\000c\000t\000u\000r\000e}{section.9}% 109
\BOOKMARK [2][-]{subsection.9.2}{\376\377\000P\000r\000e\000-\000T\000r\000i\000a\000l\000\040\000S\000t\000a\000g\000e\000s\000:\000\040\000P\000r\000e\000s\000c\000r\000e\000e\000n\000i\000n\000g\000\040\000T\000h\000r\000o\000u\000g\000h\000\040\000E\000n\000r\000o\000l\000l\000m\000e\000n\000t}{section.9}% 110
\BOOKMARK [2][-]{subsection.9.3}{\376\377\000T\000r\000e\000a\000t\000m\000e\000n\000t\000\040\000S\000t\000a\000g\000e\000s\000:\000\040\000S\000u\000r\000g\000i\000c\000a\000l\000\040\000a\000n\000d\000\040\000T\000h\000e\000r\000a\000p\000e\000u\000t\000i\000c\000\040\000I\000n\000t\000e\000r\000v\000e\000n\000t\000i\000o\000n\000s}{section.9}% 111
\BOOKMARK [2][-]{subsection.9.4}{\376\377\000P\000o\000s\000t\000-\000T\000r\000e\000a\000t\000m\000e\000n\000t\000\040\000S\000t\000a\000g\000e\000s\000:\000\040\000C\000l\000o\000s\000e\000o\000u\000t\000\040\000a\000n\000d\000\040\000A\000n\000a\000l\000y\000s\000i\000s}{section.9}% 112
\BOOKMARK [2][-]{subsection.9.5}{\376\377\000R\000e\000g\000u\000l\000a\000t\000o\000r\000y\000\040\000C\000o\000m\000p\000l\000i\000a\000n\000c\000e\000\040\000C\000o\000v\000e\000r\000a\000g\000e}{section.9}% 113
\BOOKMARK [2][-]{subsection.9.6}{\376\377\000P\000h\000y\000s\000i\000c\000a\000l\000\040\000A\000I\000\040\000E\000c\000o\000s\000y\000s\000t\000e\000m\000\040\000a\000n\000d\000\040\000D\000a\000t\000a\000\040\000F\000l\000o\000w}{section.9}% 114
\BOOKMARK [2][-]{subsection.9.7}{\376\377\000F\000D\000A\000\040\000C\000o\000s\000t\000-\000S\000a\000v\000i\000n\000g\000s\000\040\000A\000n\000a\000l\000y\000s\000i\000s}{section.9}% 115
\BOOKMARK [2][-]{subsection.9.8}{\376\377\000T\000r\000i\000a\000l\000\040\000T\000i\000m\000e\000l\000i\000n\000e\000\040\000C\000o\000m\000p\000a\000r\000i\000s\000o\000n}{section.9}% 116
\BOOKMARK [2][-]{subsection.9.9}{\376\377\000D\000i\000s\000c\000u\000s\000s\000i\000o\000n\000\040\000o\000f\000\040\000P\000a\000t\000i\000e\000n\000t\000\040\000J\000o\000u\000r\000n\000e\000y\000\040\000E\000v\000i\000d\000e\000n\000c\000e}{section.9}% 117
\BOOKMARK [2][-]{subsection.9.10}{\376\377\000L\000i\000m\000i\000t\000a\000t\000i\000o\000n\000s\000\040\000a\000n\000d\000\040\000F\000u\000t\000u\000r\000e\000\040\000D\000i\000r\000e\000c\000t\000i\000o\000n\000s}{section.9}% 118
\BOOKMARK [1][-]{section.10}{\376\377\000P\000a\000t\000i\000e\000n\000t\000\040\000I\000n\000s\000t\000r\000u\000c\000t\000i\000o\000n\000s\000\040\000f\000o\000r\000\040\000P\000h\000y\000s\000i\000c\000a\000l\000\040\000A\000I\000\040\000O\000n\000c\000o\000l\000o\000g\000y\000\040\000T\000r\000i\000a\000l\000s}{}% 119
\BOOKMARK [2][-]{subsection.10.1}{\376\377\000P\000u\000r\000p\000o\000s\000e\000\040\000a\000n\000d\000\040\000D\000e\000s\000i\000g\000n\000\040\000P\000h\000i\000l\000o\000s\000o\000p\000h\000y}{section.10}% 120
\BOOKMARK [2][-]{subsection.10.2}{\376\377\000S\000u\000r\000g\000i\000c\000a\000l\000\040\000R\000o\000b\000o\000t\000s}{section.10}% 121
\BOOKMARK [2][-]{subsection.10.3}{\376\377\000C\000o\000l\000l\000a\000b\000o\000r\000a\000t\000i\000v\000e\000\040\000R\000o\000b\000o\000t\000s\000\040\000\050\000C\000o\000b\000o\000t\000s\000\051}{section.10}% 122
\BOOKMARK [2][-]{subsection.10.4}{\376\377\000R\000a\000d\000i\000o\000t\000h\000e\000r\000a\000p\000y\000\040\000P\000o\000s\000i\000t\000i\000o\000n\000i\000n\000g\000\040\000R\000o\000b\000o\000t\000s}{section.10}% 123
\BOOKMARK [2][-]{subsection.10.5}{\376\377\000N\000e\000e\000d\000l\000e\000-\000P\000l\000a\000c\000e\000m\000e\000n\000t\000\040\000R\000o\000b\000o\000t\000s}{section.10}% 124
\BOOKMARK [2][-]{subsection.10.6}{\376\377\000S\000o\000c\000i\000a\000l\000\040\000C\000o\000m\000p\000a\000n\000i\000o\000n\000\040\000R\000o\000b\000o\000t\000s}{section.10}% 125
\BOOKMARK [2][-]{subsection.10.7}{\376\377\000H\000u\000m\000a\000n\000o\000i\000d\000\040\000R\000o\000b\000o\000t\000s}{section.10}% 126
\BOOKMARK [2][-]{subsection.10.8}{\376\377\000R\000a\000d\000i\000o\000t\000h\000e\000r\000a\000p\000y\000\040\000M\000o\000t\000i\000o\000n\000-\000T\000r\000a\000c\000k\000i\000n\000g\000\040\000R\000o\000b\000o\000t\000s}{section.10}% 127
\BOOKMARK [2][-]{subsection.10.9}{\376\377\000I\000m\000a\000g\000i\000n\000g\000\040\000R\000o\000b\000o\000t\000s}{section.10}% 128
\BOOKMARK [2][-]{subsection.10.10}{\376\377\000S\000t\000e\000e\000r\000a\000b\000l\000e\000\040\000N\000e\000e\000d\000l\000e\000\040\000R\000o\000b\000o\000t\000s}{section.10}% 129
\BOOKMARK [2][-]{subsection.10.11}{\376\377\000R\000e\000h\000a\000b\000i\000l\000i\000t\000a\000t\000i\000o\000n\000\040\000E\000x\000o\000s\000k\000e\000l\000e\000t\000o\000n\000s}{section.10}% 130
\BOOKMARK [2][-]{subsection.10.12}{\376\377\000P\000a\000t\000i\000e\000n\000t\000\040\000B\000e\000n\000e\000f\000i\000t\000s\000\040\000S\000u\000m\000m\000a\000r\000y}{section.10}% 131
\BOOKMARK [1][-]{section.11}{\376\377\000N\000a\000t\000i\000o\000n\000a\000l\000\040\000M\000C\000P\000\040\000S\000e\000r\000v\000e\000r\000\040\000I\000n\000f\000r\000a\000s\000t\000r\000u\000c\000t\000u\000r\000e}{}% 132
\BOOKMARK [2][-]{subsection.11.1}{\376\377\000T\000h\000e\000\040\000F\000r\000a\000g\000m\000e\000n\000t\000a\000t\000i\000o\000n\000\040\000P\000r\000o\000b\000l\000e\000m}{section.11}% 133
\BOOKMARK [2][-]{subsection.11.2}{\376\377\000M\000o\000d\000e\000l\000\040\000C\000o\000n\000t\000e\000x\000t\000\040\000P\000r\000o\000t\000o\000c\000o\000l\000\040\000f\000o\000r\000\040\000P\000h\000y\000s\000i\000c\000a\000l\000\040\000A\000I}{section.11}% 134
\BOOKMARK [2][-]{subsection.11.3}{\376\377\000F\000i\000v\000e\000-\000S\000e\000r\000v\000e\000r\000\040\000A\000r\000c\000h\000i\000t\000e\000c\000t\000u\000r\000e}{section.11}% 135
\BOOKMARK [2][-]{subsection.11.4}{\376\377\000T\000o\000o\000l\000\040\000I\000n\000v\000e\000n\000t\000o\000r\000i\000e\000s\000\040\000a\000n\000d\000\040\000C\000o\000n\000f\000o\000r\000m\000a\000n\000c\000e\000\040\000L\000e\000v\000e\000l\000s}{section.11}% 136
\BOOKMARK [2][-]{subsection.11.5}{\376\377\000S\000a\000f\000e\000t\000y\000\040\000M\000o\000d\000u\000l\000e\000s\000\040\000a\000n\000d\000\040\000E\000m\000e\000r\000g\000e\000n\000c\000y\000\040\000S\000y\000s\000t\000e\000m\000s}{section.11}% 137
\BOOKMARK [2][-]{subsection.11.6}{\376\377\000I\000n\000t\000e\000g\000r\000a\000t\000i\000o\000n\000\040\000a\000n\000d\000\040\000I\000n\000t\000e\000r\000o\000p\000e\000r\000a\000b\000i\000l\000i\000t\000y}{section.11}% 138
\BOOKMARK [2][-]{subsection.11.7}{\376\377\000N\000a\000t\000i\000o\000n\000a\000l\000\040\000D\000e\000p\000l\000o\000y\000m\000e\000n\000t\000\040\000T\000o\000p\000o\000l\000o\000g\000y}{section.11}% 139
\BOOKMARK [2][-]{subsection.11.8}{\376\377\000G\000o\000v\000e\000r\000n\000a\000n\000c\000e\000\040\000a\000n\000d\000\040\000C\000o\000m\000p\000l\000i\000a\000n\000c\000e}{section.11}% 140
\BOOKMARK [2][-]{subsection.11.9}{\376\377\000C\000I\000/\000C\000D\000\040\000a\000n\000d\000\040\000O\000p\000e\000r\000a\000t\000i\000o\000n\000a\000l\000\040\000E\000x\000c\000e\000l\000l\000e\000n\000c\000e}{section.11}% 141
\BOOKMARK [2][-]{subsection.11.10}{\376\377\000P\000a\000t\000i\000e\000n\000t\000\040\000S\000a\000f\000e\000t\000y\000\040\000a\000n\000d\000\040\000D\000a\000t\000a\000\040\000F\000l\000o\000w}{section.11}% 142
\BOOKMARK [1][-]{section.12}{\376\377\000F\000e\000d\000e\000r\000a\000t\000e\000d\000\040\000L\000e\000a\000r\000n\000i\000n\000g\000\040\000f\000o\000r\000\040\000P\000h\000y\000s\000i\000c\000a\000l\000\040\000A\000I\000\040\000O\000n\000c\000o\000l\000o\000g\000y\000\040\000T\000r\000i\000a\000l\000s}{}% 143
\BOOKMARK [2][-]{subsection.12.1}{\376\377\000T\000h\000e\000\040\000P\000r\000i\000v\000a\000c\000y\000\040\000C\000h\000a\000l\000l\000e\000n\000g\000e\000\040\000i\000n\000\040\000M\000u\000l\000t\000i\000-\000S\000i\000t\000e\000\040\000P\000h\000y\000s\000i\000c\000a\000l\000\040\000A\000I\000\040\000T\000r\000i\000a\000l\000s}{section.12}% 144
\BOOKMARK [2][-]{subsection.12.2}{\376\377\000D\000e\000v\000e\000l\000o\000p\000m\000e\000n\000t\000\040\000P\000r\000o\000c\000e\000s\000s\000\040\000a\000n\000d\000\040\000M\000e\000t\000h\000o\000d\000o\000l\000o\000g\000y}{section.12}% 145
\BOOKMARK [2][-]{subsection.12.3}{\376\377\000A\000r\000c\000h\000i\000t\000e\000c\000t\000u\000r\000e\000\040\000O\000v\000e\000r\000v\000i\000e\000w}{section.12}% 146
\BOOKMARK [2][-]{subsection.12.4}{\376\377\000F\000i\000v\000e\000\040\000F\000o\000u\000n\000d\000a\000t\000i\000o\000n\000a\000l\000\040\000P\000i\000l\000l\000a\000r\000s}{section.12}% 147
\BOOKMARK [2][-]{subsection.12.5}{\376\377\000W\000o\000r\000k\000f\000l\000o\000w\000\040\000D\000e\000m\000o\000n\000s\000t\000r\000a\000t\000i\000o\000n\000s}{section.12}% 148
\BOOKMARK [2][-]{subsection.12.6}{\376\377\000T\000r\000i\000p\000l\000e\000\040\000A\000I\000\040\000P\000e\000e\000r\000\040\000R\000e\000v\000i\000e\000w\000\040\000P\000i\000p\000e\000l\000i\000n\000e}{section.12}% 149
\BOOKMARK [2][-]{subsection.12.7}{\376\377\000C\000o\000d\000e\000\040\000T\000r\000u\000s\000t\000\040\000a\000n\000d\000\040\000S\000a\000f\000e\000t\000y}{section.12}% 150
\BOOKMARK [2][-]{subsection.12.8}{\376\377\000C\000l\000i\000n\000i\000c\000a\000l\000\040\000A\000n\000a\000l\000y\000t\000i\000c\000s\000\040\000a\000n\000d\000\040\000D\000i\000g\000i\000t\000a\000l\000\040\000T\000w\000i\000n\000s}{section.12}% 151
\BOOKMARK [2][-]{subsection.12.9}{\376\377\000T\000e\000c\000h\000n\000o\000l\000o\000g\000y\000\040\000S\000t\000a\000c\000k\000\040\000a\000n\000d\000\040\000C\000L\000I\000\040\000T\000o\000o\000l\000s}{section.12}% 152
\BOOKMARK [2][-]{subsection.12.10}{\376\377\000I\000n\000t\000e\000g\000r\000a\000t\000i\000o\000n\000\040\000w\000i\000t\000h\000\040\000N\000a\000t\000i\000o\000n\000a\000l\000\040\000M\000C\000P\000\040\000I\000n\000f\000r\000a\000s\000t\000r\000u\000c\000t\000u\000r\000e}{section.12}% 153
\BOOKMARK [2][-]{subsection.12.11}{\376\377\000L\000i\000m\000i\000t\000a\000t\000i\000o\000n\000s\000\040\000a\000n\000d\000\040\000F\000u\000t\000u\000r\000e\000\040\000W\000o\000r\000k}{section.12}% 154
\BOOKMARK [1][-]{section.13}{\376\377\000F\000i\000n\000a\000n\000c\000i\000a\000l\000\040\000a\000n\000d\000\040\000E\000c\000o\000n\000o\000m\000i\000c\000\040\000I\000m\000p\000a\000c\000t\000\040\000A\000n\000a\000l\000y\000s\000i\000s}{}% 155
\BOOKMARK [2][-]{subsection.13.1}{\376\377\000C\000o\000s\000t\000\040\000o\000f\000\040\000D\000r\000u\000g\000\040\000D\000e\000v\000e\000l\000o\000p\000m\000e\000n\000t\000\040\000D\000e\000l\000a\000y\000s}{section.13}% 156
\BOOKMARK [2][-]{subsection.13.2}{\376\377\000P\000h\000y\000s\000i\000c\000a\000l\000\040\000A\000I\000\040\000C\000o\000s\000t\000\040\000A\000d\000v\000a\000n\000t\000a\000g\000e\000s\000:\000\040\000P\000e\000r\000-\000P\000a\000t\000i\000e\000n\000t\000\040\000A\000n\000a\000l\000y\000s\000i\000s}{section.13}% 157
\BOOKMARK [2][-]{subsection.13.3}{\376\377\000P\000h\000y\000s\000i\000c\000a\000l\000\040\000A\000I\000\040\000S\000p\000e\000e\000d\000\040\000A\000d\000v\000a\000n\000t\000a\000g\000e\000s\000:\000\040\000T\000i\000m\000e\000l\000i\000n\000e\000\040\000C\000o\000m\000p\000r\000e\000s\000s\000i\000o\000n}{section.13}% 158
\BOOKMARK [3][-]{subsubsection.13.3.1}{\376\377\000E\000n\000r\000o\000l\000l\000m\000e\000n\000t\000\040\000S\000p\000e\000e\000d}{subsection.13.3}% 159
\BOOKMARK [3][-]{subsubsection.13.3.2}{\376\377\000T\000r\000e\000a\000t\000m\000e\000n\000t\000\040\000T\000h\000r\000o\000u\000g\000h\000p\000u\000t}{subsection.13.3}% 160
\BOOKMARK [3][-]{subsubsection.13.3.3}{\376\377\000D\000a\000t\000a\000\040\000P\000r\000o\000c\000e\000s\000s\000i\000n\000g\000\040\000a\000n\000d\000\040\000R\000e\000p\000o\000r\000t\000i\000n\000g}{subsection.13.3}% 161
\BOOKMARK [2][-]{subsection.13.4}{\376\377\000S\000c\000a\000l\000e\000\040\000E\000c\000o\000n\000o\000m\000i\000c\000s\000:\000\040\000F\000r\000o\000m\000\040\000S\000i\000n\000g\000l\000e\000\040\000P\000a\000t\000i\000e\000n\000t\000\040\000t\000o\000\040\0001\0006\0008\000\040\000P\000a\000t\000i\000e\000n\000t\000s}{section.13}% 162
\BOOKMARK [2][-]{subsection.13.5}{\376\377\000I\000n\000f\000r\000a\000s\000t\000r\000u\000c\000t\000u\000r\000e\000\040\000I\000n\000v\000e\000s\000t\000m\000e\000n\000t\000\040\000a\000n\000d\000\040\000R\000e\000t\000u\000r\000n}{section.13}% 163
\BOOKMARK [2][-]{subsection.13.6}{\376\377\000P\000a\000t\000i\000e\000n\000t\000\040\000F\000i\000n\000a\000n\000c\000i\000a\000l\000\040\000B\000e\000n\000e\000f\000i\000t\000s}{section.13}% 164
\BOOKMARK [2][-]{subsection.13.7}{\376\377\000P\000h\000a\000r\000m\000a\000c\000e\000u\000t\000i\000c\000a\000l\000\040\000I\000n\000d\000u\000s\000t\000r\000y\000\040\000I\000m\000p\000a\000c\000t}{section.13}% 165
\BOOKMARK [2][-]{subsection.13.8}{\376\377\000N\000a\000t\000i\000o\000n\000a\000l\000\040\000E\000c\000o\000n\000o\000m\000i\000c\000\040\000I\000m\000p\000a\000c\000t}{section.13}% 166
\BOOKMARK [2][-]{subsection.13.9}{\376\377\000C\000o\000m\000p\000a\000r\000i\000s\000o\000n\000\040\000w\000i\000t\000h\000\040\000E\000x\000i\000s\000t\000i\000n\000g\000\040\000F\000D\000A\000\040\000E\000c\000o\000n\000o\000m\000i\000c\000\040\000A\000n\000a\000l\000y\000s\000e\000s}{section.13}% 167
\BOOKMARK [1][-]{section.14}{\376\377\000N\000a\000t\000i\000o\000n\000a\000l\000\040\000I\000m\000p\000l\000e\000m\000e\000n\000t\000a\000t\000i\000o\000n\000\040\000S\000t\000r\000a\000t\000e\000g\000y}{}% 168
\BOOKMARK [2][-]{subsection.14.1}{\376\377\000I\000m\000p\000l\000e\000m\000e\000n\000t\000a\000t\000i\000o\000n\000\040\000P\000h\000a\000s\000e\000s}{section.14}% 169
\BOOKMARK [3][-]{subsubsection.14.1.1}{\376\377\000P\000h\000a\000s\000e\000\040\0001\000:\000\040\000F\000i\000r\000s\000t\000\040\000S\000i\000t\000e\000\040\000A\000c\000t\000i\000v\000a\000t\000i\000o\000n\000\040\000\050\000C\000a\000l\000i\000f\000o\000r\000n\000i\000a\000\051}{subsection.14.1}% 170
\BOOKMARK [3][-]{subsubsection.14.1.2}{\376\377\000P\000h\000a\000s\000e\000\040\0002\000:\000\040\000M\000u\000l\000t\000i\000-\000S\000i\000t\000e\000\040\000E\000x\000p\000a\000n\000s\000i\000o\000n}{subsection.14.1}% 171
\BOOKMARK [3][-]{subsubsection.14.1.3}{\376\377\000P\000h\000a\000s\000e\000\040\0003\000:\000\040\000N\000a\000t\000i\000o\000n\000w\000i\000d\000e\000\040\000D\000e\000p\000l\000o\000y\000m\000e\000n\000t}{subsection.14.1}% 172
\BOOKMARK [2][-]{subsection.14.2}{\376\377\000R\000e\000g\000u\000l\000a\000t\000o\000r\000y\000\040\000P\000a\000t\000h\000w\000a\000y}{section.14}% 173
\BOOKMARK [2][-]{subsection.14.3}{\376\377\000S\000t\000a\000n\000d\000a\000r\000d\000s\000\040\000C\000o\000m\000p\000l\000i\000a\000n\000c\000e\000\040\000F\000r\000a\000m\000e\000w\000o\000r\000k}{section.14}% 174
\BOOKMARK [2][-]{subsection.14.4}{\376\377\000I\000n\000f\000r\000a\000s\000t\000r\000u\000c\000t\000u\000r\000e\000\040\000D\000e\000p\000l\000o\000y\000m\000e\000n\000t}{section.14}% 175
\BOOKMARK [2][-]{subsection.14.5}{\376\377\000W\000o\000r\000k\000f\000o\000r\000c\000e\000\040\000T\000r\000a\000n\000s\000i\000t\000i\000o\000n}{section.14}% 176
\BOOKMARK [2][-]{subsection.14.6}{\376\377\000P\000a\000t\000i\000e\000n\000t\000\040\000E\000n\000g\000a\000g\000e\000m\000e\000n\000t\000\040\000S\000t\000r\000a\000t\000e\000g\000y}{section.14}% 177
\BOOKMARK [2][-]{subsection.14.7}{\376\377\000Q\000u\000a\000l\000i\000t\000y\000\040\000A\000s\000s\000u\000r\000a\000n\000c\000e\000\040\000a\000n\000d\000\040\000C\000o\000n\000t\000i\000n\000u\000o\000u\000s\000\040\000I\000m\000p\000r\000o\000v\000e\000m\000e\000n\000t}{section.14}% 178
\BOOKMARK [2][-]{subsection.14.8}{\376\377\000R\000i\000s\000k\000\040\000M\000i\000t\000i\000g\000a\000t\000i\000o\000n}{section.14}% 179
\BOOKMARK [2][-]{subsection.14.9}{\376\377\000S\000u\000c\000c\000e\000s\000s\000\040\000M\000e\000t\000r\000i\000c\000s}{section.14}% 180
\BOOKMARK [1][-]{section.15}{\376\377\000D\000i\000s\000c\000u\000s\000s\000i\000o\000n}{}% 181
\BOOKMARK [2][-]{subsection.15.1}{\376\377\000P\000a\000r\000a\000d\000i\000g\000m\000\040\000S\000h\000i\000f\000t\000\040\000i\000n\000\040\000C\000l\000i\000n\000i\000c\000a\000l\000\040\000T\000r\000i\000a\000l\000\040\000R\000e\000g\000u\000l\000a\000t\000i\000o\000n}{section.15}% 182
\BOOKMARK [2][-]{subsection.15.2}{\376\377\000C\000r\000e\000d\000i\000b\000i\000l\000i\000t\000y\000\040\000T\000h\000r\000o\000u\000g\000h\000\040\000E\000x\000i\000s\000t\000i\000n\000g\000\040\000S\000t\000a\000n\000d\000a\000r\000d\000s}{section.15}% 183
\BOOKMARK [2][-]{subsection.15.3}{\376\377\000P\000S\000L\000\040\000a\000n\000d\000\040\000U\000S\000L\000:\000\040\000Q\000u\000a\000n\000t\000i\000t\000a\000t\000i\000v\000e\000\040\000S\000t\000a\000n\000d\000a\000r\000d\000s\000\040\000f\000o\000r\000\040\000R\000o\000b\000o\000t\000\040\000U\000s\000a\000g\000e}{section.15}% 184
\BOOKMARK [2][-]{subsection.15.4}{\376\377\000E\000v\000i\000d\000e\000n\000c\000e\000\040\000f\000r\000o\000m\000\040\000S\000i\000m\000u\000l\000a\000t\000i\000o\000n\000s}{section.15}% 185
\BOOKMARK [2][-]{subsection.15.5}{\376\377\000P\000a\000t\000i\000e\000n\000t\000-\000C\000e\000n\000t\000e\000r\000e\000d\000\040\000D\000e\000s\000i\000g\000n}{section.15}% 186
\BOOKMARK [2][-]{subsection.15.6}{\376\377\000N\000a\000t\000i\000o\000n\000a\000l\000\040\000I\000n\000f\000r\000a\000s\000t\000r\000u\000c\000t\000u\000r\000e\000\040\000R\000e\000a\000d\000i\000n\000e\000s\000s}{section.15}% 187
\BOOKMARK [2][-]{subsection.15.7}{\376\377\000G\000o\000v\000e\000r\000n\000a\000n\000c\000e\000\040\000A\000c\000r\000o\000s\000s\000\040\000G\000o\000v\000e\000r\000n\000m\000e\000n\000t\000\040\000B\000r\000a\000n\000c\000h\000e\000s}{section.15}% 188
\BOOKMARK [2][-]{subsection.15.8}{\376\377\000C\000o\000m\000p\000a\000r\000i\000s\000o\000n\000\040\000w\000i\000t\000h\000\040\000I\000n\000t\000e\000r\000n\000a\000t\000i\000o\000n\000a\000l\000\040\000A\000p\000p\000r\000o\000a\000c\000h\000e\000s}{section.15}% 189
\BOOKMARK [2][-]{subsection.15.9}{\376\377\000A\000d\000d\000r\000e\000s\000s\000i\000n\000g\000\040\000C\000o\000n\000c\000e\000r\000n\000s\000\040\000a\000n\000d\000\040\000C\000r\000i\000t\000i\000c\000i\000s\000m\000s}{section.15}% 190
\BOOKMARK [2][-]{subsection.15.10}{\376\377\000L\000i\000m\000i\000t\000a\000t\000i\000o\000n\000s\000\040\000o\000f\000\040\000t\000h\000e\000\040\000N\000a\000t\000i\000o\000n\000a\000l\000\040\000P\000l\000a\000t\000f\000o\000r\000m}{section.15}% 191
\BOOKMARK [1][-]{section.16}{\376\377\000C\000o\000n\000c\000l\000u\000s\000i\000o\000n}{}% 192
\BOOKMARK [2][-]{subsection.16.1}{\376\377\000S\000u\000m\000m\000a\000r\000y\000\040\000o\000f\000\040\000t\000h\000e\000\040\000N\000a\000t\000i\000o\000n\000a\000l\000\040\000P\000l\000a\000t\000f\000o\000r\000m}{section.16}% 193
\BOOKMARK [2][-]{subsection.16.2}{\376\377\000K\000e\000y\000\040\000F\000i\000n\000d\000i\000n\000g\000s}{section.16}% 194
\BOOKMARK [2][-]{subsection.16.3}{\376\377\000I\000m\000p\000l\000i\000c\000a\000t\000i\000o\000n\000s\000\040\000f\000o\000r\000\040\000t\000h\000e\000\040\000P\000h\000a\000r\000m\000a\000c\000e\000u\000t\000i\000c\000a\000l\000\040\000I\000n\000d\000u\000s\000t\000r\000y}{section.16}% 195
\BOOKMARK [2][-]{subsection.16.4}{\376\377\000I\000m\000p\000l\000i\000c\000a\000t\000i\000o\000n\000s\000\040\000f\000o\000r\000\040\000R\000e\000g\000u\000l\000a\000t\000o\000r\000y\000\040\000A\000u\000t\000h\000o\000r\000i\000t\000i\000e\000s}{section.16}% 196
\BOOKMARK [2][-]{subsection.16.5}{\376\377\000C\000a\000l\000l\000\040\000t\000o\000\040\000A\000c\000t\000i\000o\000n}{section.16}% 197
\BOOKMARK [1][-]{section*.28}{\376\377\000R\000e\000f\000e\000r\000e\000n\000c\000e\000s}{}% 198
\BOOKMARK [1][-]{section*.29}{\376\377\000A\000p\000p\000e\000n\000d\000i\000c\000e\000s}{}% 199
\BOOKMARK [2][-]{subsection.Alph0.1}{\376\377\000C\000o\000m\000p\000l\000e\000t\000e\000\040\000S\000o\000u\000r\000c\000e\000\040\000F\000i\000l\000e\000\040\000D\000i\000r\000e\000c\000t\000o\000r\000y}{section*.29}% 200
\BOOKMARK [2][-]{subsection.Alph0.2}{\376\377\000G\000l\000o\000s\000s\000a\000r\000y\000\040\000o\000f\000\040\000P\000h\000y\000s\000i\000c\000a\000l\000\040\000A\000I\000\040\000T\000e\000r\000m\000s}{section*.29}% 201
\BOOKMARK [2][-]{subsection.Alph0.3}{\376\377\000R\000e\000g\000u\000l\000a\000t\000o\000r\000y\000\040\000C\000r\000o\000s\000s\000-\000R\000e\000f\000e\000r\000e\000n\000c\000e\000\040\000M\000a\000t\000r\000i\000x}{section*.29}% 202
\BOOKMARK [2][-]{subsection.Alph0.4}{\376\377\000P\000S\000L\000\040\000a\000n\000d\000\040\000U\000S\000L\000\040\000S\000c\000o\000r\000i\000n\000g\000\040\000R\000e\000f\000e\000r\000e\000n\000c\000e}{section*.29}% 203
\BOOKMARK [2][-]{subsection.Alph0.5}{\376\377\000S\000i\000m\000u\000l\000a\000t\000i\000o\000n\000\040\000E\000v\000i\000d\000e\000n\000c\000e\000\040\000S\000u\000m\000m\000a\000r\000y}{section*.29}% 204
